[36mvite v6.4.1 [32mbuilding for production...[36m[39m
transforming...
[32mÔ£ô[39m 2135 modules transformed.
rendering chunks...
computing gzip size...
[2mdist/[22m[32mindex.html                 [39m[1m[2m  0.59 kB[22m[1m[22m[2m Ôöé gzip:   0.38 kB[22m
[2mdist/[22m[35massets/index-DcztgsNL.css  [39m[1m[2m 19.09 kB[22m[1m[22m[2m Ôöé gzip:   4.19 kB[22m
[2mdist/[22m[36massets/index-BgHT16xr.js   [39m[1m[2m352.36 kB[22m[1m[22m[2m Ôöé gzip: 108.53 kB[22m
[32mÔ£ô built in 3.68s[39m
